// Jest Snapshot v1, https://goo.gl/fbAQLP

exports[`Todo Orm should Todo model match snapshot 1`] = `
TodoModel {
  "date": 1991-02-15T23:00:00.000Z,
  "id": 123,
  "isDone": true,
  "name": "test",
  "updated": 1991-02-16T23:00:00.000Z,
}
`;
